Traceback (most recent call last):
  File "D:\Spectra\backend\agent.py", line 51, in handle_incoming_message
    response = await chat.send_message_async(f"{farmer_context}\n\nUser Question: {user_text}")
               ^^^^^^^^^^^^^^^^^^^^^^^^^^^^^^^^^^^^^^^^^^^^^^^^^^^^^^^^^^^^^^^^^^^^^^^^^^^^^^^^
  File "C:\Users\prana\miniconda3\Lib\site-packages\google\generativeai\generative_models.py", line 707, in send_message_async
    response = await self.model.generate_content_async(
               ^^^^^^^^^^^^^^^^^^^^^^^^^^^^^^^^^^^^^^^^
    ...<7 lines>...
    )
    ^
  File "C:\Users\prana\miniconda3\Lib\site-packages\google\generativeai\generative_models.py", line 385, in generate_content_async
    response = await self._async_client.generate_content(
               ^^^^^^^^^^^^^^^^^^^^^^^^^^^^^^^^^^^^^^^^^^
    ...<2 lines>...
    )
    ^
  File "C:\Users\prana\miniconda3\Lib\site-packages\google\ai\generativelanguage_v1beta\services\generative_service\async_client.py", line 440, in generate_content
    response = await rpc(
               ^^^^^^^^^^
    ...<4 lines>...
    )
    ^
  File "C:\Users\prana\miniconda3\Lib\site-packages\google\api_core\retry\retry_unary_async.py", line 231, in retry_wrapped_func
    return await retry_target(
           ^^^^^^^^^^^^^^^^^^^
    ...<5 lines>...
    )
    ^
  File "C:\Users\prana\miniconda3\Lib\site-packages\google\api_core\retry\retry_unary_async.py", line 163, in retry_target
    next_sleep = _retry_error_helper(
        exc,
    ...<6 lines>...
        timeout,
    )
  File "C:\Users\prana\miniconda3\Lib\site-packages\google\api_core\retry\retry_base.py", line 214, in _retry_error_helper
    raise final_exc from source_exc
  File "C:\Users\prana\miniconda3\Lib\site-packages\google\api_core\retry\retry_unary_async.py", line 158, in retry_target
    return await target()
           ^^^^^^^^^^^^^^
  File "C:\Users\prana\miniconda3\Lib\site-packages\google\api_core\grpc_helpers_async.py", line 89, in __await__
    raise exceptions.from_grpc_error(rpc_error) from rpc_error
google.api_core.exceptions.NotFound: 404 models/gemini-1.5-flash is not found for API version v1beta, or is not supported for generateContent. Call ListModels to see the list of available models and their supported methods.
